{
  "CreatedAt": "2021-08-25T12:20:30.000000005Z",
  "ArtifactName": "12345678",
  "ArtifactType": "aws_account",
  "Metadata": {
    "ImageConfig": {
      "architecture": "",
      "created": "0001-01-01T00:00:00Z",
      "os": "",
      "rootfs": {
        "type": "",
        "diff_ids": null
      },
      "config": {}
    }
  },
  "Results": [
    {
      "Target": "",
      "Class": "config",
      "Type": "cloud",
      "MisconfSummary": {
        "Successes": 1,
        "Failures": 0
      },
      "Misconfigurations": [
        {
          "Type": "AWS",
          "ID": "AVD-AWS-0320",
          "AVDID": "AVD-AWS-0320",
          "Title": "S3 DNS Compliant Bucket Names",
          "Description": "Ensures that S3 buckets have DNS complaint bucket names.",
          "Namespace": "builtin.aws.s3.aws0320",
          "Query": "deny",
          "Resolution": "Recreate S3 bucket to use - instead of . in S3 bucket names",
          "Severity": "MEDIUM",
          "PrimaryURL": "https://avd.aquasec.com/misconfig/avd-aws-0320",
          "References": [
            "https://avd.aquasec.com/misconfig/avd-aws-0320"
          ],
          "Status": "PASS",
          "Layer": {},
          "CauseMetadata": {
            "Provider": "aws",
            "Service": "s3",
            "Code": {
              "Lines": null
            }
          }
        }
      ]
    },
    {
      "Target": "arn:aws:s3:::examplebucket",
      "Class": "config",
      "Type": "cloud",
      "MisconfSummary": {
        "Successes": 0,
        "Failures": 2
      },
      "Misconfigurations": [
        {
          "Type": "AWS",
          "ID": "AVD-AWS-0089",
          "AVDID": "AVD-AWS-0089",
          "Title": "S3 Bucket Logging",
          "Description": "Ensures S3 bucket logging is enabled for S3 buckets",
          "Message": "Bucket has logging disabled",
          "Namespace": "builtin.aws.s3.aws0089",
          "Query": "deny",
          "Resolution": "Add a logging block to the resource to enable access logging",
          "Severity": "LOW",
          "PrimaryURL": "https://avd.aquasec.com/misconfig/avd-aws-0089",
          "References": [
            "https://avd.aquasec.com/misconfig/avd-aws-0089"
          ],
          "Status": "FAIL",
          "Layer": {},
          "CauseMetadata": {
            "Resource": "arn:aws:s3:::examplebucket",
            "Provider": "aws",
            "Service": "s3",
            "Code": {
              "Lines": null
            }
          }
        },
        {
          "Type": "AWS",
          "ID": "AVD-AWS-0094",
          "AVDID": "AVD-AWS-0094",
          "Title": "S3 buckets should each define an aws_s3_bucket_public_access_block",
          "Description": "The \"block public access\" settings in S3 override individual policies that apply to a given bucket, meaning that all public access can be controlled in one central types for that bucket. It is therefore good practice to define these settings for each bucket in order to clearly define the public access that can be allowed for it.",
          "Message": "Bucket does not have a corresponding public access block.",
          "Namespace": "builtin.aws.s3.aws0094",
          "Query": "deny",
          "Resolution": "Define a aws_s3_bucket_public_access_block for the given bucket to control public access policies",
          "Severity": "LOW",
          "PrimaryURL": "https://avd.aquasec.com/misconfig/avd-aws-0094",
          "References": [
            "https://avd.aquasec.com/misconfig/avd-aws-0094"
          ],
          "Status": "FAIL",
          "Layer": {},
          "CauseMetadata": {
            "Resource": "arn:aws:s3:::examplebucket",
            "Provider": "aws",
            "Service": "s3",
            "Code": {
              "Lines": null
            }
          }
        }
      ]
    }
  ]
}
